2019-03-20 20:22:37.718130369 +0800 CST m=+10.000427192
2019-03-27 16:56:26.497320047 +0800 CST m=+0.100639136
2019-03-27 16:56:26.597898292 +0800 CST m=+0.201217327
2019-03-27 16:56:26.698121071 +0800 CST m=+0.301440109
2019-03-27 16:56:26.798376586 +0800 CST m=+0.401695620
2019-03-27 16:56:26.898612125 +0800 CST m=+0.501931167
2019-03-27 16:56:26.99884549 +0800 CST m=+0.602164522
2019-03-27 16:56:27.099080955 +0800 CST m=+0.702399999
2019-03-27 16:56:27.199330913 +0800 CST m=+0.802650114
2019-03-27 16:56:27.299578455 +0800 CST m=+0.902897485
2019-03-27 16:56:27.399838412 +0800 CST m=+1.003157454
2019-03-27 16:56:27.500104593 +0800 CST m=+1.103423643
2019-03-27 16:56:27.600348388 +0800 CST m=+1.203667433
2019-03-27 16:56:27.700582374 +0800 CST m=+1.303901508
2019-03-27 16:56:37.582828453 +0800 CST m=+1.000693325
2019-03-27 16:56:38.583407776 +0800 CST m=+2.001272657
2019-03-27 16:56:51.852441229 +0800 CST m=+1.000600863
2019-03-27 16:56:52.853129952 +0800 CST m=+2.001289555
2019-03-27 16:57:42.953712958 +0800 CST m=+1.000600128
2019-03-27 16:57:43.954322518 +0800 CST m=+2.001209691
2019-03-27 17:00:48.954823617 +0800 CST m=+1.001528703
2019-03-27 17:00:48.955745136 +0800 CST m=+1.001452331
2019-03-27 17:00:49.955442548 +0800 CST m=+2.002147597
2019-03-27 17:00:49.956229073 +0800 CST m=+2.001936242
2019-03-27 17:00:50.955663599 +0800 CST m=+3.002368666
2019-03-27 17:00:50.956399322 +0800 CST m=+3.002106492
2019-03-27 17:00:51.955871354 +0800 CST m=+4.002576410
2019-03-27 17:00:51.956531103 +0800 CST m=+4.002238237
2019-03-27 17:00:52.956067332 +0800 CST m=+5.002772388
2019-03-27 17:00:52.956661715 +0800 CST m=+5.002368877
2019-03-27 17:00:53.956267042 +0800 CST m=+6.002972111
2019-03-27 17:00:53.956807177 +0800 CST m=+6.002514342
2019-03-27 17:00:54.95651506 +0800 CST m=+7.003220128
2019-03-27 17:00:54.958035206 +0800 CST m=+7.003742371
2019-03-27 17:00:55.956739751 +0800 CST m=+8.003444807
2019-03-27 17:00:55.958181074 +0800 CST m=+8.003888239
2019-03-27 17:00:56.95697695 +0800 CST m=+9.003682067
2019-03-27 17:00:56.958321225 +0800 CST m=+9.004028373
2019-03-27 17:00:57.957205861 +0800 CST m=+10.003910919
2019-03-27 17:00:57.958474506 +0800 CST m=+10.004181669
2019-03-27 17:00:58.957472832 +0800 CST m=+11.004177972
2019-03-27 17:00:58.958627519 +0800 CST m=+11.004334657
2019-03-27 17:00:59.957716717 +0800 CST m=+12.004421774
2019-03-27 17:00:59.959005679 +0800 CST m=+12.004712851
2019-03-27 17:01:00.957938106 +0800 CST m=+13.004643162
2019-03-27 17:01:00.959156077 +0800 CST m=+13.004863233
2019-03-27 17:01:01.958212025 +0800 CST m=+14.004917097
2019-03-27 17:01:01.95929702 +0800 CST m=+14.005004182
2019-03-27 17:01:02.958464879 +0800 CST m=+15.005169930
2019-03-27 17:01:02.959432214 +0800 CST m=+15.005139379
2019-03-27 17:01:03.958714722 +0800 CST m=+16.005419780
2019-03-27 17:01:03.959566319 +0800 CST m=+16.005273482
2019-03-27 17:01:04.95894934 +0800 CST m=+17.005654398
2019-03-27 17:01:04.960926886 +0800 CST m=+17.006634061
2019-03-27 17:01:05.959187558 +0800 CST m=+18.005892615
2019-03-27 17:01:05.961075353 +0800 CST m=+18.006782517
2019-03-27 17:01:06.959469615 +0800 CST m=+19.006174829
2019-03-27 17:01:06.961315814 +0800 CST m=+19.007022974
2019-03-27 17:01:07.959730636 +0800 CST m=+20.006435670
2019-03-27 17:01:07.961490535 +0800 CST m=+20.007197670
2019-03-27 17:01:08.959981043 +0800 CST m=+21.006686099
2019-03-27 17:01:08.961662387 +0800 CST m=+21.007369547
2019-03-27 17:01:09.960218087 +0800 CST m=+22.006923143
2019-03-27 17:01:09.961835298 +0800 CST m=+22.007542462
2019-03-27 17:01:10.96047785 +0800 CST m=+23.007182908
2019-03-27 17:01:10.962068382 +0800 CST m=+23.007775546
2019-03-27 17:01:11.960713572 +0800 CST m=+24.007418637
2019-03-27 17:01:11.962267505 +0800 CST m=+24.007974677
2019-03-27 17:01:12.960949359 +0800 CST m=+25.007654416
2019-03-27 17:01:12.962413796 +0800 CST m=+25.008120962
2019-03-27 17:01:13.96121969 +0800 CST m=+26.007924755
2019-03-27 17:01:13.962576793 +0800 CST m=+26.008283953
2019-03-27 17:01:14.96144672 +0800 CST m=+27.008151838
2019-03-27 17:01:14.962712242 +0800 CST m=+27.008419393
2019-03-27 17:01:15.961651578 +0800 CST m=+28.008356654
2019-03-27 17:01:15.962949708 +0800 CST m=+28.008656878
2019-03-27 17:01:16.961903018 +0800 CST m=+29.008608059
2019-03-27 17:01:16.963101064 +0800 CST m=+29.008808215
2019-03-27 17:01:17.96214253 +0800 CST m=+30.008847557
2019-03-27 17:01:17.963256616 +0800 CST m=+30.008963751
2019-03-27 17:01:18.962407052 +0800 CST m=+31.009112118
2019-03-27 17:01:18.963399871 +0800 CST m=+31.009107040
2019-03-27 17:01:19.962715883 +0800 CST m=+32.009420975
2019-03-27 17:01:19.964669607 +0800 CST m=+32.010376779
2019-03-27 17:01:20.962978947 +0800 CST m=+33.009684131
2019-03-27 17:01:20.96484356 +0800 CST m=+33.010550725
